/*ยง
Any license
*/

//This file must stay unchanged
class Sigma {

}