package Test;

public class Hello {
/*
Keep
this comment
*/
}