/*
This is another comment! ^__^
*/
package Test;

public class Hello {

}