/*ยง
  This is just a dummy license! ^__^
  For product: %%%PRODUCT_NAME%%%.
  Copyright holder: %%%COPYRIGHT_HOLDER%%%.
  Copyright years: %%%COPYRIGHT_YEARS%%%.
*/

/*
This is another comment! ^__^
*/
package Test;

public class Hello {

}