(*
This is another comment! ^__^
*)
program Hello;
begin
    writeln ('Hello, world.')
end.