<!--ยง
  This is just a dummy license! ^__^
  For product: %%%PRODUCT_NAME%%%.
  Copyright holder: %%%COPYRIGHT_HOLDER%%%.
  Copyright years: %%%COPYRIGHT_YEARS%%%.
-->

<html>
    <head>
        <title>Test</title>
    </head>
    <body>
    </body>
</html>
