<html>
    <head>
        <title>Test</title>
    </head>

    <body>
    </body>

<!--
Keep this comment
-->
</html>
