<!DOCTYPE html>

<--ยง
This is another license
-->

<html>
<head>
    <title>Test</title>
</head>
<body>
</body>
</html>
